Jan  1 00:00:01 buildroot syslog.info syslogd started: BusyBox v1.33.1                                                                                                                               Jan  1 00:00:01 buildroot kern.notice kernel: klogd started: BusyBox v1.33.1 (2021-11-06 15:35:29 MDT)                                                                                               Jan  1 00:00:01 buildroot kern.info kernel: [    0.000000] Booting Linux on physical CPU 0x0                                                                                                         Jan  1 00:00:01 buildroot kern.notice kernel: [    0.000000] Linux version 4.19.23-v7 (yogesh1303@yogesh-VB) (gcc version 9.4.0 (Buildroot 2021.02.6-77-g76d7b6991c)) #1 SMP Sat Nov 6 15:48:41 MDT 2Jan  1 00:00:01 buildroot kern.info kernel: [    0.000000] CPU: ARMv7 Processor [410fd034] revision 4 (ARMv7), cr=10c5383d                                                                           Jan  1 00:00:01 buildroot kern.info kernel: [    0.000000] CPU: div instructions available: patching division code                                                                                   Jan  1 00:00:01 buildroot kern.info kernel: [    0.000000] CPU: PIPT / VIPT nonaliasing data cache, VIPT aliasing instruction cache                                                                  Jan  1 00:00:01 buildroot kern.info kernel: [    0.000000] OF: fdt: Machine model: Raspberry Pi 3 Model B Plus Rev 1.3                                                                               Jan  1 00:00:01 buildroot kern.info kernel: [    0.000000] Memory policy: Data cache writealloc                                                                                                      Jan  1 00:00:01 buildroot kern.info kernel: [    0.000000] cma: Reserved 8 MiB at 0x39400000                                                                                                         Jan  1 00:00:01 buildroot kern.debug kernel: [    0.000000] On node 0 totalpages: 236544                                                                                                             Jan  1 00:00:01 buildroot kern.debug kernel: [    0.000000]   Normal zone: 2079 pages used for memmap                                                                                                Jan  1 00:00:01 buildroot kern.debug kernel: [    0.000000]   Normal zone: 0 pages reserved                                                                                                          Jan  1 00:00:01 buildroot kern.debug kernel: [    0.000000]   Normal zone: 236544 pages, LIFO batch:63                                                                                               Jan  1 00:00:01 buildroot kern.notice kernel: [    0.000000] random: get_random_bytes called from start_kernel+0xb0/0x4c4 with crng_init=0                                                           Jan  1 00:00:01 buildroot kern.info kernel: [    0.000000] percpu: Embedded 17 pages/cpu @(ptrval) s39436 r8192 d22004 u69632                                                                        Jan  1 00:00:01 buildroot kern.debug kernel: [    0.000000] pcpu-alloc: s39436 r8192 d22004 u69632 alloc=17*4096                                                                                     Jan  1 00:00:01 buildroot kern.debug kernel: [    0.000000] pcpu-alloc: [0] 0 [0] 1 [0] 2 [0] 3                                                                                                      Jan  1 00:00:01 buildroot kern.info kernel: [    0.000000] Built 1 zonelists, mobility grouping on.  Total pages: 234465                                                                             Jan  1 00:00:01 buildroot kern.notice kernel: [    0.000000] Kernel command line: 8250.nr_uarts=0 bcm2708_fb.fbwidth=720 bcm2708_fb.fbheight=480 bcm2708_fb.fbswap=1 vc_mem.mem_base=0x3ec00000 vc_meJan  1 00:00:01 buildroot kern.info kernel: [    0.000000] Dentry cache hash table entries: 131072 (order: 7, 524288 bytes)                                                                          Jan  1 00:00:01 buildroot kern.info kernel: [    0.000000] Inode-cache hash table entries: 65536 (order: 6, 262144 bytes)                                                                            Jan  1 00:00:01 buildroot kern.info kernel: [    0.000000] Memory: 914732K/946176K available (8192K kernel code, 627K rwdata, 2184K rodata, 1024K init, 820K bss, 23252K reserved, 8192K cma-reservedJan  1 00:00:01 buildroot kern.notice kernel: [    0.000000] Virtual kernel memory layout:
Jan  1 00:00:01 buildroot kern.notice kernel: [    0.000000]     vector  : 0xffff0000 - 0xffff1000   (   4 kB)
Jan  1 00:00:01 buildroot kern.notice kernel: [    0.000000]     fixmap  : 0xffc00000 - 0xfff00000   (3072 kB)
Jan  1 00:00:01 buildroot kern.notice kernel: [    0.000000]     vmalloc : 0xba000000 - 0xff800000   (1112 MB)
Jan  1 00:00:01 buildroot kern.notice kernel: [    0.000000]     lowmem  : 0x80000000 - 0xb9c00000   ( 924 MB)
Jan  1 00:00:01 buildroot kern.notice kernel: [    0.000000]     modules : 0x7f000000 - 0x80000000   (  16 MB)
Jan  1 00:00:01 buildroot kern.notice kernel: [    0.000000]       .text : 0x(ptrval) - 0x(ptrval)   (9184 kB)
Jan  1 00:00:01 buildroot kern.notice kernel: [    0.000000]       .init : 0x(ptrval) - 0x(ptrval)   (1024 kB)
Jan  1 00:00:01 buildroot kern.notice kernel: [    0.000000]       .data : 0x(ptrval) - 0x(ptrval)   ( 628 kB)
Jan  1 00:00:01 buildroot kern.notice kernel: [    0.000000]        .bss : 0x(ptrval) - 0x(ptrval)   ( 821 kB)
Jan  1 00:00:01 buildroot kern.info kernel: [    0.000000] SLUB: HWalign=64, Order=0-3, MinObjects=0, CPUs=4, Nodes=1
Jan  1 00:00:01 buildroot kern.info kernel: [    0.000000] ftrace: allocating 26151 entries in 77 pages
Jan  1 00:00:01 buildroot kern.info kernel: [    0.000000] rcu: Hierarchical RCU implementation.
Jan  1 00:00:01 buildroot kern.info kernel: [    0.000000] NR_IRQS: 16, nr_irqs: 16, preallocated irqs: 16
Jan  1 00:00:01 buildroot kern.info kernel: [    0.000000] arch_timer: cp15 timer(s) running at 19.20MHz (phys).
Jan  1 00:00:01 buildroot kern.info kernel: [    0.000000] clocksource: arch_sys_counter: mask: 0xffffffffffffff max_cycles: 0x46d987e47, max_idle_ns: 440795202767 ns
Jan  1 00:00:01 buildroot kern.info kernel: [    0.000006] sched_clock: 56 bits at 19MHz, resolution 52ns, wraps every 4398046511078ns
Jan  1 00:00:01 buildroot kern.info kernel: [    0.000021] Switching to timer-based delay loop, resolution 52ns
Jan  1 00:00:01 buildroot kern.info kernel: [    0.000288] Console: colour dummy device 80x30
Jan  1 00:00:01 buildroot kern.info kernel: [    0.000897] console [tty1] enabled
Jan  1 00:00:01 buildroot kern.info kernel: [    0.000953] Calibrating delay loop (skipped), value calculated using timer frequency.. 38.40 BogoMIPS (lpj=192000)
Jan  1 00:00:01 buildroot kern.info kernel: [    0.000999] pid_max: default: 32768 minimum: 301
Jan  1 00:00:01 buildroot kern.info kernel: [    0.001345] Mount-cache hash table entries: 2048 (order: 1, 8192 bytes)
Jan  1 00:00:01 buildroot kern.info kernel: [    0.001381] Mountpoint-cache hash table entries: 2048 (order: 1, 8192 bytes)
Jan  1 00:00:01 buildroot kern.info kernel: [    0.002464] Disabling memory control group subsystem
Jan  1 00:00:01 buildroot kern.info kernel: [    0.002550] CPU: Testing write buffer coherency: ok
Jan  1 00:00:01 buildroot kern.info kernel: [    0.003018] CPU0: thread -1, cpu 0, socket 0, mpidr 80000000
Jan  1 00:00:01 buildroot kern.info kernel: [    0.003683] Setting up static identity map for 0x100000 - 0x10003c
Jan  1 00:00:01 buildroot kern.info kernel: [    0.003851] rcu: Hierarchical SRCU implementation.
Jan  1 00:00:01 buildroot kern.info kernel: [    0.004655] smp: Bringing up secondary CPUs ...
Jan  1 00:00:01 buildroot kern.info kernel: [    0.005507] CPU1: thread -1, cpu 1, socket 0, mpidr 80000001
Jan  1 00:00:01 buildroot kern.info kernel: [    0.006422] CPU2: thread -1, cpu 2, socket 0, mpidr 80000002
Jan  1 00:00:01 buildroot kern.info kernel: [    0.007283] CPU3: thread -1, cpu 3, socket 0, mpidr 80000003
Jan  1 00:00:01 buildroot kern.info kernel: [    0.007405] smp: Brought up 1 node, 4 CPUs
Jan  1 00:00:01 buildroot kern.info kernel: [    0.007487] SMP: Total of 4 processors activated (153.60 BogoMIPS).                                                                                   Jan  1 00:00:01 buildroot kern.info kernel: [    0.007510] CPU: All CPU(s) started in HYP mode.                                                                                                      Jan  1 00:00:01 buildroot kern.info kernel: [    0.007531] CPU: Virtualization extensions available.                                                                                                 Jan  1 00:00:01 buildroot kern.info kernel: [    0.008506] devtmpfs: initialized                                                                                                                     Jan  1 00:00:01 buildroot kern.info kernel: [    0.019742] VFP support v0.3: implementor 41 architecture 3 part 40 variant 3 rev 4                                                                   Jan  1 00:00:01 buildroot kern.info kernel: [    0.020036] clocksource: jiffies: mask: 0xffffffff max_cycles: 0xffffffff, max_idle_ns: 19112604462750000 ns                                          Jan  1 00:00:01 buildroot kern.info kernel: [    0.020084] futex hash table entries: 1024 (order: 4, 65536 bytes)                                                                                    Jan  1 00:00:01 buildroot kern.info kernel: [    0.020693] pinctrl core: initialized pinctrl subsystem                                                                                               Jan  1 00:00:01 buildroot kern.info kernel: [    0.021582] NET: Registered protocol family 16                                                                                                        Jan  1 00:00:01 buildroot kern.info kernel: [    0.023701] DMA: preallocated 256 KiB pool for atomic coherent allocations                                                                            Jan  1 00:00:01 buildroot kern.info kernel: [    0.029258] hw-breakpoint: found 5 (+1 reserved) breakpoint and 4 watchpoint registers.                                                               Jan  1 00:00:01 buildroot kern.info kernel: [    0.029296] hw-breakpoint: maximum watchpoint size is 8 bytes.                                                                                        Jan  1 00:00:01 buildroot kern.info kernel: [    0.029521] Serial: AMBA PL011 UART driver                                                                                                            Jan  1 00:00:01 buildroot kern.info kernel: [    0.031829] bcm2835-mbox 3f00b880.mailbox: mailbox enabled                                                                                            Jan  1 00:00:01 buildroot kern.info kernel: [    0.066581] bcm2835-dma 3f007000.dma: DMA legacy API manager at (ptrval), dmachans=0x1                                                                Jan  1 00:00:01 buildroot kern.notice kernel: [    0.068235] SCSI subsystem initialized                                                                                                              Jan  1 00:00:01 buildroot kern.info kernel: [    0.068481] usbcore: registered new interface driver usbfs                                                                                            Jan  1 00:00:01 buildroot kern.info kernel: [    0.068557] usbcore: registered new interface driver hub                                                                                              Jan  1 00:00:01 buildroot kern.info kernel: [    0.068671] usbcore: registered new device driver usb                                                                                                 Jan  1 00:00:01 buildroot kern.info kernel: [    0.080295] raspberrypi-firmware soc:firmware: Attached to firmware from 2020-12-15 18:34, variant start                                              Jan  1 00:00:01 buildroot kern.info kernel: [    0.090102] raspberrypi-firmware soc:firmware: Firmware hash is 4b4aff21f72c5b9ba39d83c7b0f8fa910a6ef99b                                              Jan  1 00:00:01 buildroot kern.info kernel: [    0.101691] clocksource: Switched to clocksource arch_sys_counter                                                                                     Jan  1 00:00:01 buildroot kern.notice kernel: [    0.190275] VFS: Disk quotas dquot_6.6.0                                                                                                            Jan  1 00:00:01 buildroot kern.info kernel: [    0.190380] VFS: Dquot-cache hash table entries: 1024 (order 0, 4096 bytes)
Jan  1 00:00:01 buildroot kern.notice kernel: [    0.190620] FS-Cache: Loaded
Jan  1 00:00:01 buildroot kern.info kernel: [    0.190851] CacheFiles: Loaded
Jan  1 00:00:01 buildroot kern.info kernel: [    0.200824] NET: Registered protocol family 2
Jan  1 00:00:01 buildroot kern.info kernel: [    0.201634] tcp_listen_portaddr_hash hash table entries: 512 (order: 0, 6144 bytes)
Jan  1 00:00:01 buildroot kern.info kernel: [    0.201769] TCP established hash table entries: 8192 (order: 3, 32768 bytes)
Jan  1 00:00:01 buildroot kern.info kernel: [    0.201901] TCP bind hash table entries: 8192 (order: 4, 65536 bytes)
Jan  1 00:00:01 buildroot kern.info kernel: [    0.202106] TCP: Hash tables configured (established 8192 bind 8192)
Jan  1 00:00:01 buildroot kern.info kernel: [    0.202262] UDP hash table entries: 512 (order: 2, 16384 bytes)
Jan  1 00:00:01 buildroot kern.info kernel: [    0.202331] UDP-Lite hash table entries: 512 (order: 2, 16384 bytes)
Jan  1 00:00:01 buildroot kern.info kernel: [    0.202688] NET: Registered protocol family 1
Jan  1 00:00:01 buildroot kern.info kernel: [    0.203293] RPC: Registered named UNIX socket transport module.
Jan  1 00:00:01 buildroot kern.info kernel: [    0.203320] RPC: Registered udp transport module.
Jan  1 00:00:01 buildroot kern.info kernel: [    0.203342] RPC: Registered tcp transport module.
Jan  1 00:00:01 buildroot kern.info kernel: [    0.203363] RPC: Registered tcp NFSv4.1 backchannel transport module.
Jan  1 00:00:01 buildroot kern.info kernel: [    0.204436] hw perfevents: enabled with armv7_cortex_a7 PMU driver, 7 counters available
Jan  1 00:00:01 buildroot kern.notice kernel: [    0.207541] Initialise system trusted keyrings
Jan  1 00:00:01 buildroot kern.info kernel: [    0.207751] workingset: timestamp_bits=14 max_order=18 bucket_order=4
Jan  1 00:00:01 buildroot kern.notice kernel: [    0.217535] FS-Cache: Netfs 'nfs' registered for caching
Jan  1 00:00:01 buildroot kern.notice kernel: [    0.218139] NFS: Registering the id_resolver key type
Jan  1 00:00:01 buildroot kern.notice kernel: [    0.218185] Key type id_resolver registered
Jan  1 00:00:01 buildroot kern.notice kernel: [    0.218207] Key type id_legacy registered
Jan  1 00:00:01 buildroot kern.info kernel: [    0.218238] nfs4filelayout_init: NFSv4 File Layout Driver Registering...
Jan  1 00:00:01 buildroot kern.notice kernel: [    0.220524] Key type asymmetric registered
Jan  1 00:00:01 buildroot kern.notice kernel: [    0.220553] Asymmetric key parser 'x509' registered
Jan  1 00:00:01 buildroot kern.info kernel: [    0.220617] Block layer SCSI generic (bsg) driver version 0.4 loaded (major 250)
Jan  1 00:00:01 buildroot kern.info kernel: [    0.220802] io scheduler noop registered
Jan  1 00:00:01 buildroot kern.info kernel: [    0.220826] io scheduler deadline registered
Jan  1 00:00:01 buildroot kern.info kernel: [    0.221022] io scheduler cfq registered (default)
Jan  1 00:00:01 buildroot kern.info kernel: [    0.221047] io scheduler mq-deadline registered
Jan  1 00:00:01 buildroot kern.info kernel: [    0.221070] io scheduler kyber registered
Jan  1 00:00:01 buildroot kern.info kernel: [    0.223542] BCM2708FB: allocated DMA memory 0xf9440000
Jan  1 00:00:01 buildroot kern.info kernel: [    0.223607] BCM2708FB: allocated DMA channel 0
Jan  1 00:00:01 buildroot kern.info kernel: [    0.234217] Console: switching to colour frame buffer device 90x30
Jan  1 00:00:01 buildroot kern.info kernel: [    0.244277] bcm2835-rng 3f104000.rng: hwrng registered                                                                                                Jan  1 00:00:01 buildroot kern.info kernel: [    0.247051] vc-mem: phys_addr:0x00000000 mem_base=0x3ec00000 mem_size:0x40000000(1024 MiB)                                                            Jan  1 00:00:01 buildroot kern.info kernel: [    0.253172] vc-sm: Videocore shared memory driver                                                                                                     Jan  1 00:00:01 buildroot kern.info kernel: [    0.256294] gpiomem-bcm2835 3f200000.gpiomem: Initialised: Registers at 0x3f200000                                                                    Jan  1 00:00:01 buildroot kern.info kernel: [    0.269957] brd: module loaded                                                                                                                        Jan  1 00:00:01 buildroot kern.info kernel: [    0.282936] loop: module loaded                                                                                                                       Jan  1 00:00:01 buildroot kern.info kernel: [    0.285727] Loading iSCSI transport class v2.0-870.                                                                                                   Jan  1 00:00:01 buildroot kern.info kernel: [    0.289200] libphy: Fixed MDIO Bus: probed                                                                                                            Jan  1 00:00:01 buildroot kern.info kernel: [    0.292060] usbcore: registered new interface driver lan78xx                                                                                          Jan  1 00:00:01 buildroot kern.info kernel: [    0.294894] usbcore: registered new interface driver smsc95xx                                                                                         Jan  1 00:00:01 buildroot kern.info kernel: [    0.297662] dwc_otg: version 3.00a 10-AUG-2012 (platform bus)                                                                                         Jan  1 00:00:01 buildroot kern.info kernel: [    0.828303] dwc_otg 3f980000.usb: base=(ptrval)                                                                                                       Jan  1 00:00:01 buildroot kern.warn kernel: [    1.031238] Core Release: 2.80a                                                                                                                       Jan  1 00:00:01 buildroot kern.warn kernel: [    1.033925] Setting default values for core params                                                                                                    Jan  1 00:00:01 buildroot kern.warn kernel: [    1.036584] Finished setting default values for core params                                                                                           Jan  1 00:00:01 buildroot kern.warn kernel: [    1.239464] Using Buffer DMA mode                                                                                                                     Jan  1 00:00:01 buildroot kern.warn kernel: [    1.242053] Periodic Transfer Interrupt Enhancement - disabled                                                                                        Jan  1 00:00:01 buildroot kern.warn kernel: [    1.244753] Multiprocessor Interrupt Enhancement - disabled                                                                                           Jan  1 00:00:01 buildroot kern.warn kernel: [    1.247494] OTG VER PARAM: 0, OTG VER FLAG: 0                                                                                                         Jan  1 00:00:01 buildroot kern.warn kernel: [    1.250262] Dedicated Tx FIFOs mode                                                                                                                   Jan  1 00:00:01 buildroot kern.warn kernel: [    1.253500] WARN::dwc_otg_hcd_init:1047: FIQ DMA bounce buffers: virt = b9454000 dma = 0xf9454000 len=9024                                            Jan  1 00:00:01 buildroot kern.warn kernel: [    1.259371] FIQ FSM acceleration enabled for :                                                                                                        Jan  1 00:00:01 buildroot kern.warn kernel: [    1.259371] Non-periodic Split Transactions                                                                                                           Jan  1 00:00:01 buildroot kern.warn kernel: [    1.259371] Periodic Split Transactions
Jan  1 00:00:01 buildroot kern.warn kernel: [    1.259371] High-Speed Isochronous Endpoints
Jan  1 00:00:01 buildroot kern.warn kernel: [    1.259371] Interrupt/Control Split Transaction hack enabled
Jan  1 00:00:01 buildroot kern.debug kernel: [    1.273482] dwc_otg: Microframe scheduler enabled
Jan  1 00:00:01 buildroot kern.warn kernel: [    1.273534] WARN::hcd_init_fiq:457: FIQ on core 1
Jan  1 00:00:01 buildroot kern.warn kernel: [    1.276223] WARN::hcd_init_fiq:458: FIQ ASM at 80654bcc length 36
Jan  1 00:00:01 buildroot kern.warn kernel: [    1.278844] WARN::hcd_init_fiq:484: MPHI regs_base at f0006000
Jan  1 00:00:01 buildroot kern.info kernel: [    1.281531] dwc_otg 3f980000.usb: DWC OTG Controller
Jan  1 00:00:01 buildroot kern.info kernel: [    1.284251] dwc_otg 3f980000.usb: new USB bus registered, assigned bus number 1
Jan  1 00:00:01 buildroot kern.info kernel: [    1.286991] dwc_otg 3f980000.usb: irq 56, io mem 0x00000000
Jan  1 00:00:01 buildroot kern.warn kernel: [    1.289687] Init: Port Power? op_state=1
Jan  1 00:00:01 buildroot kern.warn kernel: [    1.292395] Init: Power Port (0)
Jan  1 00:00:01 buildroot kern.info kernel: [    1.295252] usb usb1: New USB device found, idVendor=1d6b, idProduct=0002, bcdDevice= 4.19
Jan  1 00:00:01 buildroot kern.info kernel: [    1.300732] usb usb1: New USB device strings: Mfr=3, Product=2, SerialNumber=1
Jan  1 00:00:01 buildroot kern.info kernel: [    1.303696] usb usb1: Product: DWC OTG Controller
Jan  1 00:00:01 buildroot kern.info kernel: [    1.306592] usb usb1: Manufacturer: Linux 4.19.23-v7 dwc_otg_hcd
Jan  1 00:00:01 buildroot kern.info kernel: [    1.309509] usb usb1: SerialNumber: 3f980000.usb
Jan  1 00:00:01 buildroot kern.info kernel: [    1.313000] hub 1-0:1.0: USB hub found
Jan  1 00:00:01 buildroot kern.info kernel: [    1.315872] hub 1-0:1.0: 1 port detected
Jan  1 00:00:01 buildroot kern.debug kernel: [    1.319184] dwc_otg: FIQ enabled
Jan  1 00:00:01 buildroot kern.debug kernel: [    1.319189] dwc_otg: NAK holdoff enabled
Jan  1 00:00:01 buildroot kern.debug kernel: [    1.319195] dwc_otg: FIQ split-transaction FSM enabled
Jan  1 00:00:01 buildroot kern.debug kernel: [    1.319205] Module dwc_common_port init
Jan  1 00:00:01 buildroot kern.info kernel: [    1.319489] usbcore: registered new interface driver usb-storage
Jan  1 00:00:01 buildroot kern.info kernel: [    1.322544] mousedev: PS/2 mouse device common for all mice
Jan  1 00:00:01 buildroot kern.info kernel: [    1.326163] bcm2835-wdt 3f100000.watchdog: Broadcom BCM2835 watchdog timer
Jan  1 00:00:01 buildroot kern.info kernel: [    1.329252] bcm2835-cpufreq: min=600000 max=1400000
Jan  1 00:00:01 buildroot kern.info kernel: [    1.332476] sdhci: Secure Digital Host Controller Interface driver
Jan  1 00:00:01 buildroot kern.info kernel: [    1.335314] sdhci: Copyright(c) Pierre Ossman
Jan  1 00:00:01 buildroot kern.info kernel: [    1.338526] mmc-bcm2835 3f300000.mmc: could not get clk, deferring probe
Jan  1 00:00:01 buildroot kern.info kernel: [    1.341868] sdhost-bcm2835 3f202000.mmc: could not get clk, deferring probe
Jan  1 00:00:01 buildroot kern.info kernel: [    1.344976] sdhci-pltfm: SDHCI platform and OF driver helper
Jan  1 00:00:01 buildroot kern.info kernel: [    1.349477] ledtrig-cpu: registered to indicate activity on CPUs
Jan  1 00:00:01 buildroot kern.info kernel: [    1.352716] hidraw: raw HID events driver (C) Jiri Kosina
Jan  1 00:00:01 buildroot kern.info kernel: [    1.355972] usbcore: registered new interface driver usbhid                                                                                           Jan  1 00:00:01 buildroot kern.info kernel: [    1.359043] usbhid: USB HID core driver                                                                                                               Jan  1 00:00:01 buildroot kern.info kernel: [    1.362809] vchiq: vchiq_init_state: slot_zero = (ptrval), is_master = 0                                                                              Jan  1 00:00:01 buildroot kern.info kernel: [    1.367392] [vc_sm_connected_init]: start                                                                                                             Jan  1 00:00:01 buildroot kern.info kernel: [    1.376090] [vc_sm_connected_init]: end - returning 0                                                                                                 Jan  1 00:00:01 buildroot kern.info kernel: [    1.380240] Initializing XFRM netlink socket                                                                                                          Jan  1 00:00:01 buildroot kern.info kernel: [    1.383321] NET: Registered protocol family 17                                                                                                        Jan  1 00:00:01 buildroot kern.notice kernel: [    1.386361] Key type dns_resolver registered                                                                                                        Jan  1 00:00:01 buildroot kern.notice kernel: [    1.389463] Registering SWP/SWPB emulation handler                                                                                                  Jan  1 00:00:01 buildroot kern.info kernel: [    1.392936] registered taskstats version 1                                                                                                            Jan  1 00:00:01 buildroot kern.notice kernel: [    1.395734] Loading compiled-in X.509 certificates                                                                                                  Jan  1 00:00:01 buildroot kern.info kernel: [    1.406060] uart-pl011 3f201000.serial: cts_event_workaround enabled                                                                                  Jan  1 00:00:01 buildroot kern.info kernel: [    1.409051] 3f201000.serial: ttyAMA0 at MMIO 0x3f201000 (irq = 81, base_baud = 0) is a PL011 rev2                                                     Jan  1 00:00:01 buildroot kern.info kernel: [    1.416846] mmc-bcm2835 3f300000.mmc: mmc_debug:0 mmc_debug2:0                                                                                        Jan  1 00:00:01 buildroot kern.info kernel: [    1.419922] mmc-bcm2835 3f300000.mmc: DMA channel allocated                                                                                           Jan  1 00:00:01 buildroot kern.info kernel: [    1.449207] sdhost: log_buf @ (ptrval) (f9453000)                                                                                                     Jan  1 00:00:01 buildroot kern.warn kernel: [    1.488572] mmc1: queuing unknown CIS tuple 0x80 (2 bytes)                                                                                            Jan  1 00:00:01 buildroot kern.warn kernel: [    1.493121] mmc1: queuing unknown CIS tuple 0x80 (3 bytes)                                                                                            Jan  1 00:00:01 buildroot kern.warn kernel: [    1.497566] mmc1: queuing unknown CIS tuple 0x80 (3 bytes)                                                                                            Jan  1 00:00:01 buildroot kern.warn kernel: [    1.503147] mmc1: queuing unknown CIS tuple 0x80 (7 bytes)                                                                                            Jan  1 00:00:01 buildroot kern.info kernel: [    1.505806] mmc0: sdhost-bcm2835 loaded - DMA enabled (>1)                                                                                            Jan  1 00:00:01 buildroot kern.info kernel: [    1.509734] of_cfs_init                                                                                                                               Jan  1 00:00:01 buildroot kern.info kernel: [    1.512362] of_cfs_init: OK                                                                                                                           Jan  1 00:00:01 buildroot kern.info kernel: [    1.515398] Waiting for root device /dev/mmcblk0p2...
Jan  1 00:00:01 buildroot kern.warn kernel: [    1.531904] Indeed it is in host mode hprt0 = 00021501
Jan  1 00:00:01 buildroot kern.notice kernel: [    1.608785] random: fast init done
Jan  1 00:00:01 buildroot kern.warn kernel: [    1.656435] mmc0: host does not support reading read-only switch, assuming write-enable
Jan  1 00:00:01 buildroot kern.info kernel: [    1.659543] mmc1: new high speed SDIO card at address 0001
Jan  1 00:00:01 buildroot kern.info kernel: [    1.663972] mmc0: new high speed SDXC card at address aaaa
Jan  1 00:00:01 buildroot kern.info kernel: [    1.667413] mmcblk0: mmc0:aaaa SD64G 59.5 GiB
Jan  1 00:00:01 buildroot kern.info kernel: [    1.672179]  mmcblk0: p1 p2
Jan  1 00:00:01 buildroot kern.info kernel: [    1.698489] EXT4-fs (mmcblk0p2): mounted filesystem with ordered data mode. Opts: (null)
Jan  1 00:00:01 buildroot kern.info kernel: [    1.703791] VFS: Mounted root (ext4 filesystem) readonly on device 179:2.
Jan  1 00:00:01 buildroot kern.info kernel: [    1.707106] devtmpfs: mounted
Jan  1 00:00:01 buildroot kern.info kernel: [    1.715936] Freeing unused kernel memory: 1024K
Jan  1 00:00:01 buildroot kern.info kernel: [    1.741735] usb 1-1: new high-speed USB device number 2 using dwc_otg
Jan  1 00:00:01 buildroot kern.warn kernel: [    1.744544] Indeed it is in host mode hprt0 = 00001101
Jan  1 00:00:01 buildroot kern.info kernel: [    1.807574] Run /sbin/init as init process
Jan  1 00:00:01 buildroot kern.info kernel: [    1.889266] EXT4-fs (mmcblk0p2): re-mounted. Opts: (null)
Jan  1 00:00:01 buildroot kern.info kernel: [    1.982192] usb 1-1: New USB device found, idVendor=0424, idProduct=2514, bcdDevice= b.b3
Jan  1 00:00:01 buildroot kern.info kernel: [    1.987995] usb 1-1: New USB device strings: Mfr=0, Product=0, SerialNumber=0
Jan  1 00:00:02 buildroot kern.info kernel: [    1.995280] hub 1-1:1.0: USB hub found
Jan  1 00:00:02 buildroot kern.info kernel: [    1.998517] hub 1-1:1.0: 4 ports detected
Jan  1 00:00:02 buildroot kern.notice kernel: [    2.008013] random: dd: uninitialized urandom read (512 bytes read)
Jan  1 00:00:02 buildroot kern.info kernel: [    2.213656] NET: Registered protocol family 10
Jan  1 00:00:02 buildroot kern.info kernel: [    2.218119] Segment Routing with IPv6
Jan  1 00:00:02 buildroot kern.info kernel: [    2.331733] usb 1-1.1: new high-speed USB device number 3 using dwc_otg
Jan  1 00:00:02 buildroot kern.info kernel: [    2.462000] usb 1-1.1: New USB device found, idVendor=0424, idProduct=2514, bcdDevice= b.b3
Jan  1 00:00:02 buildroot kern.info kernel: [    2.468976] usb 1-1.1: New USB device strings: Mfr=0, Product=0, SerialNumber=0
Jan  1 00:00:02 buildroot kern.info kernel: [    2.473259] hub 1-1.1:1.0: USB hub found
Jan  1 00:00:02 buildroot kern.info kernel: [    2.476819] hub 1-1.1:1.0: 3 ports detected
Jan  1 00:00:02 buildroot kern.warn kernel: [    2.833021] dwc_otg_handle_wakeup_detected_intr lxstate = 2
Jan  1 00:00:03 buildroot kern.info kernel: [    3.321738] usb 1-1.1.1: new high-speed USB device number 4 using dwc_otg
Jan  1 00:00:03 buildroot kern.info kernel: [    3.452154] usb 1-1.1.1: New USB device found, idVendor=0424, idProduct=7800, bcdDevice= 3.00
Jan  1 00:00:03 buildroot kern.info kernel: [    3.459196] usb 1-1.1.1: New USB device strings: Mfr=0, Product=0, SerialNumber=0
Jan  1 00:00:03 buildroot kern.info kernel: [    3.727917] lan78xx 1-1.1.1:1.0 (unnamed net_device) (uninitialized): No External EEPROM. Setting MAC Speed
Jan  1 00:00:03 buildroot kern.info kernel: [    3.736417] libphy: lan78xx-mdiobus: probed
Jan  1 00:00:03 buildroot kern.notice kernel: [    3.838448] lan78xx 1-1.1.1:1.0 (unnamed net_device) (uninitialized): int urb period 64
Jan  1 00:00:04 buildroot kern.info kernel: [    4.270585] IPv6: ADDRCONF(NETDEV_UP): eth0: link is not ready
Jan  1 00:00:04 buildroot kern.notice kernel: [    4.321106] random: mktemp: uninitialized urandom read (6 bytes read)
Jan  1 00:00:07 buildroot kern.info kernel: [    7.324307] IPv6: ADDRCONF(NETDEV_CHANGE): eth0: link becomes ready
Jan  1 00:00:10 buildroot kern.notice kernel: [   10.933098] random: mktemp: uninitialized urandom read (6 bytes read)
Jan  1 00:00:11 buildroot authpriv.info dropbear[159]: Running in background
Jan  1 00:00:11 buildroot daemon.info : starting pid 160, tty '/dev/console': '/sbin/getty -L  console 0 vt100 '
Jan  1 00:00:11 buildroot daemon.info : starting pid 161, tty '/dev/tty1': '/sbin/getty -L  tty1 0 vt100 '
Jan  1 00:00:18 buildroot kern.notice kernel: [   18.149394] random: crng init done
Jan  1 00:00:39 buildroot authpriv.info dropbear[163]: Child connection from 10.0.0.232:40725
Jan  1 00:00:39 buildroot authpriv.info dropbear[163]: Exit before auth from <10.0.0.232:40725>: Exited normally
Jan  1 00:01:08 buildroot authpriv.info dropbear[164]: Child connection from 10.0.0.242:56260
Jan  1 00:01:08 buildroot authpriv.info dropbear[164]: Generated hostkey /etc/dropbear/dropbear_ecdsa_host_key, fingerprint is sha1!! df:8a:8e:87:85:e1:d8:f0:1e:40:69:f0:46:57:ff:56:be:6b:ca:be
Jan  1 00:01:12 buildroot authpriv.notice dropbear[164]: Password auth succeeded for 'root' from 10.0.0.242:56260

- messages 1/242 0%